  avance7.cpp
C:\Users\COREP\source\repos\proyecto\src\avance7.cpp(19,19): warning C4244: 'inicializando': conversión de 'float' a 'int'; posible pérdida de datos
C:\Users\COREP\source\repos\proyecto\src\avance7.cpp(20,19): warning C4244: 'inicializando': conversión de 'float' a 'int'; posible pérdida de datos
C:\Users\COREP\source\repos\proyecto\src\avance7.cpp(26,29): warning C4834: Descartar el valor de retorno de la función con el atributo [[nodiscard]]
C:\Users\COREP\source\repos\proyecto\src\avance7.cpp(83,37): warning C4834: Descartar el valor de retorno de la función con el atributo [[nodiscard]]
C:\Users\COREP\source\repos\proyecto\src\avance7.cpp(89,31): warning C4834: Descartar el valor de retorno de la función con el atributo [[nodiscard]]
  Bot.cpp
C:\Users\COREP\source\repos\proyecto\src\Bot.cpp(103,8): warning C4267: 'inicializando': conversión de 'size_t' a 'int'; posible pérdida de datos
  Carta.cpp
  gameplay.cpp
C:\Users\COREP\source\repos\proyecto\src\gameplay.cpp(11,22): warning C4834: Descartar el valor de retorno de la función con el atributo [[nodiscard]]
C:\Users\COREP\source\repos\proyecto\src\gameplay.cpp(12,23): warning C4834: Descartar el valor de retorno de la función con el atributo [[nodiscard]]
C:\Users\COREP\source\repos\proyecto\src\gameplay.cpp(21,26): warning C4834: Descartar el valor de retorno de la función con el atributo [[nodiscard]]
C:\Users\COREP\source\repos\proyecto\src\gameplay.cpp(46,34): warning C4834: Descartar el valor de retorno de la función con el atributo [[nodiscard]]
C:\Users\COREP\source\repos\proyecto\src\gameplay.cpp(219,24): warning C4834: Descartar el valor de retorno de la función con el atributo [[nodiscard]]
  Jugador.cpp
C:\Users\COREP\source\repos\proyecto\src\Jugador.cpp(97,8): warning C4267: 'inicializando': conversión de 'size_t' a 'int'; posible pérdida de datos
C:\Users\COREP\source\repos\proyecto\src\Jugador.cpp(140,19): warning C4267: 'return': conversión de 'size_t' a 'int'; posible pérdida de datos
C:\Users\COREP\source\repos\proyecto\src\Jugador.cpp(143,26): warning C4267: 'return': conversión de 'size_t' a 'int'; posible pérdida de datos
C:\Users\COREP\source\repos\proyecto\src\Jugador.cpp(146,24): warning C4267: 'return': conversión de 'size_t' a 'int'; posible pérdida de datos
  Luigui.cpp
  Mesa.cpp
C:\Users\COREP\source\repos\proyecto\src\Mesa.cpp(55,16): warning C4267: 'inicializando': conversión de 'size_t' a 'int'; posible pérdida de datos
C:\Users\COREP\source\repos\proyecto\src\Mesa.cpp(69,16): warning C4267: 'inicializando': conversión de 'size_t' a 'int'; posible pérdida de datos
C:\Users\COREP\source\repos\proyecto\src\Mesa.cpp(81,35): warning C4267: '+=': conversión de 'size_t' a 'int'; posible pérdida de datos
C:\Users\COREP\source\repos\proyecto\src\Mesa.cpp(101,30): warning C4267: 'return': conversión de 'size_t' a 'int'; posible pérdida de datos
  Generando código
  Previous IPDB was built with incompatible compiler, fall back to full compilation.
C:\Users\COREP\source\repos\proyecto\src\Jugador.cpp(173): warning C4715: 'Jugador::getCartaHitBox': no todas las rutas de acceso de control devuelven un valor
C:\Users\COREP\source\repos\proyecto\src\Mesa.cpp(118): warning C4715: 'Mesa::darCartaDelBuche': no todas las rutas de acceso de control devuelven un valor
C:\Users\COREP\source\repos\proyecto\src\Jugador.cpp(136): warning C4715: 'Jugador::QuitarCarta': no todas las rutas de acceso de control devuelven un valor
  All 878 functions were compiled because no usable IPDB/IOBJ from previous compilation was found.
  Generación de código finalizada
  4amigo.vcxproj -> C:\Users\COREP\source\repos\proyecto\bin\Release\4amigo.exe
